#
# There is insufficient memory for the Java Runtime Environment to continue.
# Native memory allocation (malloc) failed to allocate 135536 bytes. Error detail: Chunk::new
# Possible reasons:
#   The system is out of physical RAM or swap space
#   This process is running with CompressedOops enabled, and the Java Heap may be blocking the growth of the native heap
# Possible solutions:
#   Reduce memory load on the system
#   Increase physical memory or swap space
#   Check if swap backing store is full
#   Decrease Java heap size (-Xmx/-Xms)
#   Decrease number of Java threads
#   Decrease Java thread stack sizes (-Xss)
#   Set larger code cache with -XX:ReservedCodeCacheSize=
#   JVM is running with Unscaled Compressed Oops mode in which the Java heap is
#     placed in the first 4GB address space. The Java Heap base address is the
#     maximum limit for the native heap growth. Please use -XX:HeapBaseMinAddress
#     to set the Java Heap base and to place the Java Heap above 4GB virtual address.
# This output file may be truncated or incomplete.
#
#  Out of Memory Error (arena.cpp:168), pid=19868, tid=1292
#
# JRE version: OpenJDK Runtime Environment Temurin-21.0.10+7 (21.0.10+7) (build 21.0.10+7-LTS)
# Java VM: OpenJDK 64-Bit Server VM Temurin-21.0.10+7 (21.0.10+7-LTS, mixed mode, sharing, tiered, compressed oops, compressed class ptrs, parallel gc, windows-amd64)
# No core dump will be written. Minidumps are not enabled by default on client versions of Windows
#

---------------  S U M M A R Y ------------

Command Line: --add-modules=ALL-SYSTEM --add-opens=java.base/java.util=ALL-UNNAMED --add-opens=java.base/java.lang=ALL-UNNAMED --add-opens=java.base/sun.nio.fs=ALL-UNNAMED -Declipse.application=org.eclipse.jdt.ls.core.id1 -Dosgi.bundles.defaultStartLevel=4 -Declipse.product=org.eclipse.jdt.ls.core.product -Djava.import.generatesMetadataFilesAtProjectRoot=false -DDetectVMInstallationsJob.disabled=true -Dfile.encoding=utf8 -XX:+UseParallelGC -XX:GCTimeRatio=4 -XX:AdaptiveSizePolicyWeight=90 -Dsun.zip.disableMemoryMapping=true -Xmx2G -Xms100m -Xlog:disable -javaagent:c:\Users\jerom\.vscode\extensions\redhat.java-1.54.0-win32-x64\lombok\lombok-1.18.39-4050.jar c:\Users\jerom\.vscode\extensions\redhat.java-1.54.0-win32-x64\server\plugins\org.eclipse.equinox.launcher_1.7.100.v20251111-0406.jar -configuration c:\Users\jerom\AppData\Roaming\Code\User\globalStorage\redhat.java\1.54.0\config_ss_win -data c:\Users\jerom\AppData\Roaming\Code\User\workspaceStorage\29bb378b0bf6ca662623d63038930929\redhat.java\ss_ws --pipe=\\.\pipe\lsp-478020369bc03e347f5d93b322bdd904-sock

Host: 12th Gen Intel(R) Core(TM) i5-1235U, 12 cores, 15G,  Windows 11 , 64 bit Build 26100 (10.0.26100.8246)
Time: Wed Apr 29 15:43:38 2026 Malay Peninsula Standard Time elapsed time: 2198.752509 seconds (0d 0h 36m 38s)

---------------  T H R E A D  ---------------

Current thread (0x000001986489c020):  JavaThread "C2 CompilerThread0" daemon [_thread_in_native, id=1292, stack(0x000000769f600000,0x000000769f700000) (1024K)]


Current CompileTask:
C2:2198752 4621   !   4       java.io.PrintWriter::write (82 bytes)

Stack: [0x000000769f600000,0x000000769f700000]
Native frames: (J=compiled Java code, j=interpreted, Vv=VM code, C=native code)
V  [jvm.dll+0x6d7a39]
V  [jvm.dll+0x8b4b26]
V  [jvm.dll+0x8b70de]
V  [jvm.dll+0x8b77c3]
V  [jvm.dll+0x284346]
V  [jvm.dll+0xc66ed]
V  [jvm.dll+0xc6c31]
V  [jvm.dll+0x3bec3b]
V  [jvm.dll+0x1e3f69]
V  [jvm.dll+0x24c6b3]
V  [jvm.dll+0x24bb40]
V  [jvm.dll+0x1cb34e]
V  [jvm.dll+0x25b85d]
V  [jvm.dll+0x259dea]
V  [jvm.dll+0x3f857e]
V  [jvm.dll+0x85f59d]
V  [jvm.dll+0x6d626d]
C  [ucrtbase.dll+0x37b0]
C  [KERNEL32.DLL+0x2e8d7]
C  [ntdll.dll+0x8c3fc]


---------------  P R O C E S S  ---------------

Threads class SMR info:
_java_thread_list=0x000001987c8e2970, length=38, elements={
0x000001986239ab30, 0x0000019864881f90, 0x00000198648856d0, 0x000001986488a620,
0x000001986488d090, 0x000001986488daf0, 0x0000019864892d30, 0x000001986489c020,
0x000001986489e0b0, 0x000001987c6e7b70, 0x000001987c87cb70, 0x000001987d92c280,
0x000001987d560400, 0x000001987d55cf80, 0x000001987d55f6e0, 0x000001987e02e3b0,
0x000001987e02ea40, 0x000001987e031830, 0x000001987e02f760, 0x000001987e031ec0,
0x000001987e0311a0, 0x000001987e02f0d0, 0x000001987e02fdf0, 0x000001987e030480,
0x000001987e030b10, 0x000001987ea152e0, 0x000001987ea15970, 0x000001987ea16000,
0x000001987ea16690, 0x000001987ea180d0, 0x000001987ea16d20, 0x000001987ea173b0,
0x000001987ea17a40, 0x000001987ea14c50, 0x000001987ea1b550, 0x000001987ea18df0,
0x000001987c8e2e20, 0x000001987f316620
}

Java Threads: ( => current thread )
  0x000001986239ab30 JavaThread "main"                              [_thread_blocked, id=21288, stack(0x000000769ec00000,0x000000769ed00000) (1024K)]
  0x0000019864881f90 JavaThread "Reference Handler"          daemon [_thread_blocked, id=23464, stack(0x000000769f000000,0x000000769f100000) (1024K)]
  0x00000198648856d0 JavaThread "Finalizer"                  daemon [_thread_blocked, id=1624, stack(0x000000769f100000,0x000000769f200000) (1024K)]
  0x000001986488a620 JavaThread "Signal Dispatcher"          daemon [_thread_blocked, id=15140, stack(0x000000769f200000,0x000000769f300000) (1024K)]
  0x000001986488d090 JavaThread "Attach Listener"            daemon [_thread_blocked, id=31344, stack(0x000000769f300000,0x000000769f400000) (1024K)]
  0x000001986488daf0 JavaThread "Service Thread"             daemon [_thread_blocked, id=20120, stack(0x000000769f400000,0x000000769f500000) (1024K)]
  0x0000019864892d30 JavaThread "Monitor Deflation Thread"   daemon [_thread_blocked, id=31936, stack(0x000000769f500000,0x000000769f600000) (1024K)]
=>0x000001986489c020 JavaThread "C2 CompilerThread0"         daemon [_thread_in_native, id=1292, stack(0x000000769f600000,0x000000769f700000) (1024K)]
  0x000001986489e0b0 JavaThread "C1 CompilerThread0"         daemon [_thread_in_vm, id=7972, stack(0x000000769f700000,0x000000769f800000) (1024K)]
  0x000001987c6e7b70 JavaThread "Common-Cleaner"             daemon [_thread_blocked, id=8148, stack(0x000000769f900000,0x000000769fa00000) (1024K)]
  0x000001987c87cb70 JavaThread "Notification Thread"        daemon [_thread_blocked, id=21624, stack(0x000000769f800000,0x000000769f900000) (1024K)]
  0x000001987d92c280 JavaThread "Active Thread: Equinox Container: f1d728b8-6137-49c8-aea6-c92eb8a595d9"        [_thread_blocked, id=10256, stack(0x00000076a0800000,0x00000076a0900000) (1024K)]
  0x000001987d560400 JavaThread "Framework Event Dispatcher: Equinox Container: f1d728b8-6137-49c8-aea6-c92eb8a595d9" daemon [_thread_blocked, id=6852, stack(0x000000769fa00000,0x000000769fb00000) (1024K)]
  0x000001987d55cf80 JavaThread "Start Level: Equinox Container: f1d728b8-6137-49c8-aea6-c92eb8a595d9" daemon [_thread_blocked, id=26588, stack(0x000000769fb00000,0x000000769fc00000) (1024K)]
  0x000001987d55f6e0 JavaThread "Refresh Thread: Equinox Container: f1d728b8-6137-49c8-aea6-c92eb8a595d9" daemon [_thread_blocked, id=5892, stack(0x00000076a0500000,0x00000076a0600000) (1024K)]
  0x000001987e02e3b0 JavaThread "SCR Component Actor"        daemon [_thread_blocked, id=30868, stack(0x00000076a1300000,0x00000076a1400000) (1024K)]
  0x000001987e02ea40 JavaThread "Worker-JM"                         [_thread_blocked, id=11648, stack(0x00000076a1600000,0x00000076a1700000) (1024K)]
  0x000001987e031830 JavaThread "Worker-0"                          [_thread_blocked, id=33720, stack(0x00000076a0300000,0x00000076a0400000) (1024K)]
  0x000001987e02f760 JavaThread "Worker-1"                          [_thread_blocked, id=2328, stack(0x00000076a0400000,0x00000076a0500000) (1024K)]
  0x000001987e031ec0 JavaThread "JNA Cleaner"                daemon [_thread_blocked, id=12516, stack(0x00000076a1900000,0x00000076a1a00000) (1024K)]
  0x000001987e0311a0 JavaThread "Thread-1"                   daemon [_thread_in_native, id=26052, stack(0x00000076a1c00000,0x00000076a1d00000) (1024K)]
  0x000001987e02f0d0 JavaThread "Thread-2"                   daemon [_thread_in_native, id=9440, stack(0x00000076a1d00000,0x00000076a1e00000) (1024K)]
  0x000001987e02fdf0 JavaThread "Thread-3"                   daemon [_thread_in_native, id=33692, stack(0x00000076a1e00000,0x00000076a1f00000) (1024K)]
  0x000001987e030480 JavaThread "Thread-4"                   daemon [_thread_in_native, id=24980, stack(0x00000076a1f00000,0x00000076a2000000) (1024K)]
  0x000001987e030b10 JavaThread "Thread-5"                   daemon [_thread_in_native, id=25756, stack(0x00000076a2000000,0x00000076a2100000) (1024K)]
  0x000001987ea152e0 JavaThread "Thread-6"                   daemon [_thread_in_native, id=16004, stack(0x00000076a2100000,0x00000076a2200000) (1024K)]
  0x000001987ea15970 JavaThread "Thread-7"                   daemon [_thread_in_native, id=27608, stack(0x00000076a2200000,0x00000076a2300000) (1024K)]
  0x000001987ea16000 JavaThread "Thread-8"                   daemon [_thread_in_native, id=18016, stack(0x00000076a2300000,0x00000076a2400000) (1024K)]
  0x000001987ea16690 JavaThread "Thread-9"                   daemon [_thread_in_native, id=2040, stack(0x00000076a2400000,0x00000076a2500000) (1024K)]
  0x000001987ea180d0 JavaThread "Thread-10"                  daemon [_thread_in_native, id=23500, stack(0x00000076a2500000,0x00000076a2600000) (1024K)]
  0x000001987ea16d20 JavaThread "Thread-11"                  daemon [_thread_in_native, id=29416, stack(0x00000076a2600000,0x00000076a2700000) (1024K)]
  0x000001987ea173b0 JavaThread "Thread-12"                  daemon [_thread_in_native, id=21144, stack(0x00000076a2700000,0x00000076a2800000) (1024K)]
  0x000001987ea17a40 JavaThread "Thread-13"                  daemon [_thread_in_native, id=18844, stack(0x00000076a2800000,0x00000076a2900000) (1024K)]
  0x000001987ea14c50 JavaThread "pool-2-thread-1"                   [_thread_in_Java, id=31104, stack(0x00000076a2900000,0x00000076a2a00000) (1024K)]
  0x000001987ea1b550 JavaThread "WorkspaceEventsHandler"            [_thread_blocked, id=26724, stack(0x00000076a2a00000,0x00000076a2b00000) (1024K)]
  0x000001987ea18df0 JavaThread "pool-1-thread-1"                   [_thread_in_vm, id=25764, stack(0x00000076a2b00000,0x00000076a2c00000) (1024K)]
  0x000001987c8e2e20 JavaThread "C2 CompilerThread1"         daemon [_thread_in_native, id=51044, stack(0x000000769e900000,0x000000769ea00000) (1024K)]
  0x000001987f316620 JavaThread "C2 CompilerThread2"         daemon [_thread_in_native, id=51048, stack(0x000000769ea00000,0x000000769eb00000) (1024K)]
Total: 38

Other Threads:
  0x0000019864774970 VMThread "VM Thread"                           [id=11324, stack(0x000000769ef00000,0x000000769f000000) (1024K)]
  0x000001986466ca00 WatcherThread "VM Periodic Task Thread"        [id=17932, stack(0x000000769ee00000,0x000000769ef00000) (1024K)]
  0x00000198647fcde0 WorkerThread "GC Thread#0"                     [id=1684, stack(0x000000769ed00000,0x000000769ee00000) (1024K)]
  0x000001987d6e2220 WorkerThread "GC Thread#1"                     [id=29864, stack(0x000000769fc00000,0x000000769fd00000) (1024K)]
  0x000001987dc6c1b0 WorkerThread "GC Thread#2"                     [id=26140, stack(0x000000769fd00000,0x000000769fe00000) (1024K)]
  0x000001987dbadd30 WorkerThread "GC Thread#3"                     [id=14548, stack(0x000000769fe00000,0x000000769ff00000) (1024K)]
  0x000001987dbae0e0 WorkerThread "GC Thread#4"                     [id=30208, stack(0x000000769ff00000,0x00000076a0000000) (1024K)]
  0x000001987d930c70 WorkerThread "GC Thread#5"                     [id=22884, stack(0x00000076a0000000,0x00000076a0100000) (1024K)]
  0x000001987d931020 WorkerThread "GC Thread#6"                     [id=14664, stack(0x00000076a0100000,0x00000076a0200000) (1024K)]
  0x000001987d931ee0 WorkerThread "GC Thread#7"                     [id=14228, stack(0x00000076a0200000,0x00000076a0300000) (1024K)]
  0x000001987d930510 WorkerThread "GC Thread#8"                     [id=31416, stack(0x00000076a1400000,0x00000076a1500000) (1024K)]
  0x000001987d59eb20 WorkerThread "GC Thread#9"                     [id=15840, stack(0x00000076a1500000,0x00000076a1600000) (1024K)]
Total: 12

Threads with active compile tasks:
C2 CompilerThread0  2198814 4621   !   4       java.io.PrintWriter::write (82 bytes)
C1 CompilerThread0  2198814 4666   !   3       com.google.gson.Gson::fromJson (264 bytes)
C2 CompilerThread1  2198814 4635       4       java.lang.AbstractStringBuilder::append (55 bytes)
C2 CompilerThread2  2198814 4662       4       java.lang.Integer::getChars (121 bytes)
Total: 4

VM state: not at safepoint (normal execution)

VM Mutex/Monitor currently owned by a thread: None

Heap address: 0x0000000080000000, size: 2048 MB, Compressed Oops mode: 32-bit

CDS archive(s) mapped at: [0x0000019800000000-0x0000019800ba0000-0x0000019800ba0000), size 12189696, SharedBaseAddress: 0x0000019800000000, ArchiveRelocationMode: 1.
Compressed class space mapped at: 0x0000019801000000-0x0000019841000000, reserved size: 1073741824
Narrow klass base: 0x0000019800000000, Narrow klass shift: 0, Narrow klass range: 0x100000000

GC Precious Log:
 CardTable entry size: 512
 CPUs: 12 total, 12 available
 Memory: 16069M
 Large Page Support: Disabled
 NUMA Support: Disabled
 Compressed Oops: Enabled (32-bit)
 Alignments: Space 512K, Generation 512K, Heap 2M
 Heap Min Capacity: 100M
 Heap Initial Capacity: 100M
 Heap Max Capacity: 2G
 Pre-touch: Disabled
 Parallel Workers: 10

Heap:
 PSYoungGen      total 24064K, used 11406K [0x00000000d5580000, 0x00000000d7200000, 0x0000000100000000)
  eden space 22528K, 44% used [0x00000000d5580000,0x00000000d5f45f48,0x00000000d6b80000)
  from space 1536K, 91% used [0x00000000d6e00000,0x00000000d6f5dc50,0x00000000d6f80000)
  to   space 2048K, 0% used [0x00000000d7000000,0x00000000d7000000,0x00000000d7200000)
 ParOldGen       total 68608K, used 15045K [0x0000000080000000, 0x0000000084300000, 0x00000000d5580000)
  object space 68608K, 21% used [0x0000000080000000,0x0000000080eb14c0,0x0000000084300000)
 Metaspace       used 31424K, committed 32256K, reserved 1114112K
  class space    used 3116K, committed 3456K, reserved 1048576K

Card table byte_map: [0x0000019864180000,0x0000019864590000] _byte_map_base: 0x0000019863d80000

Marking Bits: (ParMarkBitMap*) 0x00007ff940c73450
 Begin Bits: [0x0000019876c90000, 0x0000019878c90000)
 End Bits:   [0x0000019878c90000, 0x000001987ac90000)

Polling page: 0x0000019862570000

Metaspace:

Usage:
  Non-class:     27.64 MB used.
      Class:      3.04 MB used.
       Both:     30.69 MB used.

Virtual space:
  Non-class space:       64.00 MB reserved,      28.12 MB ( 44%) committed,  1 nodes.
      Class space:        1.00 GB reserved,       3.38 MB ( <1%) committed,  1 nodes.
             Both:        1.06 GB reserved,      31.50 MB (  3%) committed. 

Chunk freelists:
   Non-Class:  3.00 MB
       Class:  12.44 MB
        Both:  15.44 MB

MaxMetaspaceSize: unlimited
CompressedClassSpaceSize: 1.00 GB
Initial GC threshold: 21.00 MB
Current GC threshold: 35.00 MB
CDS: on
 - commit_granule_bytes: 65536.
 - commit_granule_words: 8192.
 - virtual_space_node_default_size: 8388608.
 - enlarge_chunks_in_place: 1.
 - use_allocation_guard: 0.


Internal statistics:

num_allocs_failed_limit: 3.
num_arena_births: 540.
num_arena_deaths: 14.
num_vsnodes_births: 2.
num_vsnodes_deaths: 0.
num_space_committed: 504.
num_space_uncommitted: 0.
num_chunks_returned_to_freelist: 17.
num_chunks_taken_from_freelist: 1694.
num_chunk_merges: 7.
num_chunk_splits: 1126.
num_chunks_enlarged: 758.
num_inconsistent_stats: 0.

CodeHeap 'non-profiled nmethods': size=120000Kb used=2251Kb max_used=2251Kb free=117748Kb
 bounds [0x000001986f4b0000, 0x000001986f720000, 0x00000198769e0000]
CodeHeap 'profiled nmethods': size=120000Kb used=9673Kb max_used=9673Kb free=110326Kb
 bounds [0x00000198679e0000, 0x0000019868360000, 0x000001986ef10000]
CodeHeap 'non-nmethods': size=5760Kb used=1342Kb max_used=1370Kb free=4417Kb
 bounds [0x000001986ef10000, 0x000001986f180000, 0x000001986f4b0000]
CodeCache: size=245760Kb, used=13266Kb, max_used=13294Kb, free=232491Kb
 total_blobs=5290, nmethods=4655, adapters=541, full_count=0
Compilation: enabled, stopped_count=0, restarted_count=0

Compilation events (20 events):
Event: 2196.684 Thread 0x000001986489e0b0 nmethod 4620 0x000001986833ac10 code [0x000001986833ade0, 0x000001986833b108]
Event: 2196.684 Thread 0x000001986489e0b0 4615       3       java.lang.String::format (16 bytes)
Event: 2196.684 Thread 0x000001986489e0b0 nmethod 4615 0x000001986833b290 code [0x000001986833b4c0, 0x000001986833bbc8]
Event: 2196.684 Thread 0x000001986489c020 4621   !   4       java.io.PrintWriter::write (82 bytes)
Event: 2196.692 Thread 0x000001986489e0b0 4623       3       sun.nio.cs.StreamDecoder::<init> (23 bytes)
Event: 2196.693 Thread 0x000001986489e0b0 nmethod 4623 0x000001986833be90 code [0x000001986833c080, 0x000001986833c5c8]
Event: 2196.694 Thread 0x000001986489e0b0 4624       3       java.util.logging.Logger::isLoggable (27 bytes)
Event: 2196.694 Thread 0x000001986489e0b0 nmethod 4624 0x000001986833c790 code [0x000001986833c940, 0x000001986833cb10]
Event: 2196.694 Thread 0x000001986489e0b0 4625       3       java.io.InputStreamReader::close (8 bytes)
Event: 2196.696 Thread 0x000001986489e0b0 nmethod 4625 0x000001986833cc10 code [0x000001986833cdc0, 0x000001986833cf18]
Event: 2196.696 Thread 0x000001986489e0b0 4628       3       java.util.Formatter$Conversion::isGeneral (66 bytes)
Event: 2196.696 Thread 0x000001986489e0b0 nmethod 4628 0x000001986833d010 code [0x000001986833d1a0, 0x000001986833d370]
Event: 2196.696 Thread 0x000001986489e0b0 4629       3       java.util.Formatter$FormatSpecifier::checkGeneral (77 bytes)
Event: 2196.697 Thread 0x000001986489e0b0 nmethod 4629 0x000001986833d410 code [0x000001986833d620, 0x000001986833db90]
Event: 2196.697 Thread 0x000001986489e0b0 4630  s    3       java.lang.Throwable::getOurStackTrace (51 bytes)
Event: 2196.698 Thread 0x000001986489e0b0 nmethod 4630 0x000001986833dd10 code [0x000001986833dee0, 0x000001986833e230]
Event: 2196.698 Thread 0x000001986489e0b0 4631  s    3       java.lang.Throwable::getSuppressed (37 bytes)
Event: 2196.699 Thread 0x000001986489e0b0 nmethod 4631 0x000001986833e310 code [0x000001986833e4e0, 0x000001986833e958]
Event: 2196.699 Thread 0x000001986489e0b0 4626   !   3       sun.nio.cs.StreamDecoder::close (63 bytes)
Event: 2198.738 Thread 0x000001986489e0b0 nmethod 4626 0x000001986833ea90 code [0x000001986833eda0, 0x00000198683401e8]

GC Heap History (20 events):
Event: 13.284 GC heap before
{Heap before GC invocations=3 (full 0):
 PSYoungGen      total 29696K, used 29668K [0x00000000d5580000, 0x00000000d7680000, 0x0000000100000000)
  eden space 25600K, 100% used [0x00000000d5580000,0x00000000d6e80000,0x00000000d6e80000)
  from space 4096K, 99% used [0x00000000d7280000,0x00000000d76792b0,0x00000000d7680000)
  to   space 4096K, 0% used [0x00000000d6e80000,0x00000000d6e80000,0x00000000d7280000)
 ParOldGen       total 68608K, used 72K [0x0000000080000000, 0x0000000084300000, 0x00000000d5580000)
  object space 68608K, 0% used [0x0000000080000000,0x0000000080012000,0x0000000084300000)
 Metaspace       used 8858K, committed 9152K, reserved 1114112K
  class space    used 921K, committed 1088K, reserved 1048576K
}
Event: 13.293 GC heap after
{Heap after GC invocations=3 (full 0):
 PSYoungGen      total 29696K, used 4069K [0x00000000d5580000, 0x00000000d7680000, 0x0000000100000000)
  eden space 25600K, 0% used [0x00000000d5580000,0x00000000d5580000,0x00000000d6e80000)
  from space 4096K, 99% used [0x00000000d6e80000,0x00000000d72795c8,0x00000000d7280000)
  to   space 4096K, 0% used [0x00000000d7280000,0x00000000d7280000,0x00000000d7680000)
 ParOldGen       total 68608K, used 6381K [0x0000000080000000, 0x0000000084300000, 0x00000000d5580000)
  object space 68608K, 9% used [0x0000000080000000,0x000000008063b598,0x0000000084300000)
 Metaspace       used 8858K, committed 9152K, reserved 1114112K
  class space    used 921K, committed 1088K, reserved 1048576K
}
Event: 13.975 GC heap before
{Heap before GC invocations=4 (full 0):
 PSYoungGen      total 29696K, used 29669K [0x00000000d5580000, 0x00000000d7680000, 0x0000000100000000)
  eden space 25600K, 100% used [0x00000000d5580000,0x00000000d6e80000,0x00000000d6e80000)
  from space 4096K, 99% used [0x00000000d6e80000,0x00000000d72795c8,0x00000000d7280000)
  to   space 4096K, 0% used [0x00000000d7280000,0x00000000d7280000,0x00000000d7680000)
 ParOldGen       total 68608K, used 6381K [0x0000000080000000, 0x0000000084300000, 0x00000000d5580000)
  object space 68608K, 9% used [0x0000000080000000,0x000000008063b598,0x0000000084300000)
 Metaspace       used 12463K, committed 12864K, reserved 1114112K
  class space    used 1303K, committed 1472K, reserved 1048576K
}
Event: 13.981 GC heap after
{Heap after GC invocations=4 (full 0):
 PSYoungGen      total 29696K, used 4095K [0x00000000d5580000, 0x00000000d7680000, 0x0000000100000000)
  eden space 25600K, 0% used [0x00000000d5580000,0x00000000d5580000,0x00000000d6e80000)
  from space 4096K, 99% used [0x00000000d7280000,0x00000000d767fd90,0x00000000d7680000)
  to   space 4096K, 0% used [0x00000000d6e80000,0x00000000d6e80000,0x00000000d7280000)
 ParOldGen       total 68608K, used 8188K [0x0000000080000000, 0x0000000084300000, 0x00000000d5580000)
  object space 68608K, 11% used [0x0000000080000000,0x00000000807ff360,0x0000000084300000)
 Metaspace       used 12463K, committed 12864K, reserved 1114112K
  class space    used 1303K, committed 1472K, reserved 1048576K
}
Event: 14.697 GC heap before
{Heap before GC invocations=5 (full 0):
 PSYoungGen      total 29696K, used 29695K [0x00000000d5580000, 0x00000000d7680000, 0x0000000100000000)
  eden space 25600K, 100% used [0x00000000d5580000,0x00000000d6e80000,0x00000000d6e80000)
  from space 4096K, 99% used [0x00000000d7280000,0x00000000d767fd90,0x00000000d7680000)
  to   space 4096K, 0% used [0x00000000d6e80000,0x00000000d6e80000,0x00000000d7280000)
 ParOldGen       total 68608K, used 8188K [0x0000000080000000, 0x0000000084300000, 0x00000000d5580000)
  object space 68608K, 11% used [0x0000000080000000,0x00000000807ff360,0x0000000084300000)
 Metaspace       used 16870K, committed 17472K, reserved 1114112K
  class space    used 1732K, committed 1984K, reserved 1048576K
}
Event: 14.702 GC heap after
{Heap after GC invocations=5 (full 0):
 PSYoungGen      total 29184K, used 4080K [0x00000000d5580000, 0x00000000d7a00000, 0x0000000100000000)
  eden space 25088K, 0% used [0x00000000d5580000,0x00000000d5580000,0x00000000d6e00000)
  from space 4096K, 99% used [0x00000000d6e80000,0x00000000d727c200,0x00000000d7280000)
  to   space 6144K, 0% used [0x00000000d7400000,0x00000000d7400000,0x00000000d7a00000)
 ParOldGen       total 68608K, used 9888K [0x0000000080000000, 0x0000000084300000, 0x00000000d5580000)
  object space 68608K, 14% used [0x0000000080000000,0x00000000809a80a8,0x0000000084300000)
 Metaspace       used 16870K, committed 17472K, reserved 1114112K
  class space    used 1732K, committed 1984K, reserved 1048576K
}
Event: 14.873 GC heap before
{Heap before GC invocations=6 (full 0):
 PSYoungGen      total 29184K, used 29168K [0x00000000d5580000, 0x00000000d7a00000, 0x0000000100000000)
  eden space 25088K, 100% used [0x00000000d5580000,0x00000000d6e00000,0x00000000d6e00000)
  from space 4096K, 99% used [0x00000000d6e80000,0x00000000d727c200,0x00000000d7280000)
  to   space 6144K, 0% used [0x00000000d7400000,0x00000000d7400000,0x00000000d7a00000)
 ParOldGen       total 68608K, used 9888K [0x0000000080000000, 0x0000000084300000, 0x00000000d5580000)
  object space 68608K, 14% used [0x0000000080000000,0x00000000809a80a8,0x0000000084300000)
 Metaspace       used 20053K, committed 20672K, reserved 1114112K
  class space    used 1949K, committed 2240K, reserved 1048576K
}
Event: 14.876 GC heap after
{Heap after GC invocations=6 (full 0):
 PSYoungGen      total 29184K, used 4380K [0x00000000d5580000, 0x00000000d7880000, 0x0000000100000000)
  eden space 24576K, 0% used [0x00000000d5580000,0x00000000d5580000,0x00000000d6d80000)
  from space 4608K, 95% used [0x00000000d7400000,0x00000000d7847190,0x00000000d7880000)
  to   space 5120K, 0% used [0x00000000d6e80000,0x00000000d6e80000,0x00000000d7380000)
 ParOldGen       total 68608K, used 9896K [0x0000000080000000, 0x0000000084300000, 0x00000000d5580000)
  object space 68608K, 14% used [0x0000000080000000,0x00000000809aa0a8,0x0000000084300000)
 Metaspace       used 20053K, committed 20672K, reserved 1114112K
  class space    used 1949K, committed 2240K, reserved 1048576K
}
Event: 14.921 GC heap before
{Heap before GC invocations=7 (full 0):
 PSYoungGen      total 29184K, used 11518K [0x00000000d5580000, 0x00000000d7880000, 0x0000000100000000)
  eden space 24576K, 29% used [0x00000000d5580000,0x00000000d5c78830,0x00000000d6d80000)
  from space 4608K, 95% used [0x00000000d7400000,0x00000000d7847190,0x00000000d7880000)
  to   space 5120K, 0% used [0x00000000d6e80000,0x00000000d6e80000,0x00000000d7380000)
 ParOldGen       total 68608K, used 9896K [0x0000000080000000, 0x0000000084300000, 0x00000000d5580000)
  object space 68608K, 14% used [0x0000000080000000,0x00000000809aa0a8,0x0000000084300000)
 Metaspace       used 20941K, committed 21504K, reserved 1114112K
  class space    used 2015K, committed 2240K, reserved 1048576K
}
Event: 14.924 GC heap after
{Heap after GC invocations=7 (full 0):
 PSYoungGen      total 28160K, used 3467K [0x00000000d5580000, 0x00000000d7580000, 0x0000000100000000)
  eden space 24576K, 0% used [0x00000000d5580000,0x00000000d5580000,0x00000000d6d80000)
  from space 3584K, 96% used [0x00000000d6e80000,0x00000000d71e2f88,0x00000000d7200000)
  to   space 3584K, 0% used [0x00000000d7200000,0x00000000d7200000,0x00000000d7580000)
 ParOldGen       total 68608K, used 10932K [0x0000000080000000, 0x0000000084300000, 0x00000000d5580000)
  object space 68608K, 15% used [0x0000000080000000,0x0000000080aad130,0x0000000084300000)
 Metaspace       used 20941K, committed 21504K, reserved 1114112K
  class space    used 2015K, committed 2240K, reserved 1048576K
}
Event: 14.924 GC heap before
{Heap before GC invocations=8 (full 1):
 PSYoungGen      total 28160K, used 3467K [0x00000000d5580000, 0x00000000d7580000, 0x0000000100000000)
  eden space 24576K, 0% used [0x00000000d5580000,0x00000000d5580000,0x00000000d6d80000)
  from space 3584K, 96% used [0x00000000d6e80000,0x00000000d71e2f88,0x00000000d7200000)
  to   space 3584K, 0% used [0x00000000d7200000,0x00000000d7200000,0x00000000d7580000)
 ParOldGen       total 68608K, used 10932K [0x0000000080000000, 0x0000000084300000, 0x00000000d5580000)
  object space 68608K, 15% used [0x0000000080000000,0x0000000080aad130,0x0000000084300000)
 Metaspace       used 20941K, committed 21504K, reserved 1114112K
  class space    used 2015K, committed 2240K, reserved 1048576K
}
Event: 14.953 GC heap after
{Heap after GC invocations=8 (full 1):
 PSYoungGen      total 28160K, used 0K [0x00000000d5580000, 0x00000000d7580000, 0x0000000100000000)
  eden space 24576K, 0% used [0x00000000d5580000,0x00000000d5580000,0x00000000d6d80000)
  from space 3584K, 0% used [0x00000000d6e80000,0x00000000d6e80000,0x00000000d7200000)
  to   space 3584K, 0% used [0x00000000d7200000,0x00000000d7200000,0x00000000d7580000)
 ParOldGen       total 68608K, used 10370K [0x0000000080000000, 0x0000000084300000, 0x00000000d5580000)
  object space 68608K, 15% used [0x0000000080000000,0x0000000080a20ad0,0x0000000084300000)
 Metaspace       used 20929K, committed 21504K, reserved 1114112K
  class space    used 2011K, committed 2240K, reserved 1048576K
}
Event: 15.220 GC heap before
{Heap before GC invocations=9 (full 1):
 PSYoungGen      total 28160K, used 24576K [0x00000000d5580000, 0x00000000d7580000, 0x0000000100000000)
  eden space 24576K, 100% used [0x00000000d5580000,0x00000000d6d80000,0x00000000d6d80000)
  from space 3584K, 0% used [0x00000000d6e80000,0x00000000d6e80000,0x00000000d7200000)
  to   space 3584K, 0% used [0x00000000d7200000,0x00000000d7200000,0x00000000d7580000)
 ParOldGen       total 68608K, used 10370K [0x0000000080000000, 0x0000000084300000, 0x00000000d5580000)
  object space 68608K, 15% used [0x0000000080000000,0x0000000080a20ad0,0x0000000084300000)
 Metaspace       used 22514K, committed 23104K, reserved 1114112K
  class space    used 2138K, committed 2368K, reserved 1048576K
}
Event: 15.222 GC heap after
{Heap after GC invocations=9 (full 1):
 PSYoungGen      total 27136K, used 2840K [0x00000000d5580000, 0x00000000d7500000, 0x0000000100000000)
  eden space 24064K, 0% used [0x00000000d5580000,0x00000000d5580000,0x00000000d6d00000)
  from space 3072K, 92% used [0x00000000d7200000,0x00000000d74c62c0,0x00000000d7500000)
  to   space 3584K, 0% used [0x00000000d6e00000,0x00000000d6e00000,0x00000000d7180000)
 ParOldGen       total 68608K, used 10378K [0x0000000080000000, 0x0000000084300000, 0x00000000d5580000)
  object space 68608K, 15% used [0x0000000080000000,0x0000000080a22ad0,0x0000000084300000)
 Metaspace       used 22514K, committed 23104K, reserved 1114112K
  class space    used 2138K, committed 2368K, reserved 1048576K
}
Event: 15.708 GC heap before
{Heap before GC invocations=10 (full 1):
 PSYoungGen      total 27136K, used 26904K [0x00000000d5580000, 0x00000000d7500000, 0x0000000100000000)
  eden space 24064K, 100% used [0x00000000d5580000,0x00000000d6d00000,0x00000000d6d00000)
  from space 3072K, 92% used [0x00000000d7200000,0x00000000d74c62c0,0x00000000d7500000)
  to   space 3584K, 0% used [0x00000000d6e00000,0x00000000d6e00000,0x00000000d7180000)
 ParOldGen       total 68608K, used 10378K [0x0000000080000000, 0x0000000084300000, 0x00000000d5580000)
  object space 68608K, 15% used [0x0000000080000000,0x0000000080a22ad0,0x0000000084300000)
 Metaspace       used 26783K, committed 27584K, reserved 1114112K
  class space    used 2588K, committed 2944K, reserved 1048576K
}
Event: 15.714 GC heap after
{Heap after GC invocations=10 (full 1):
 PSYoungGen      total 27136K, used 3576K [0x00000000d5580000, 0x00000000d7480000, 0x0000000100000000)
  eden space 23552K, 0% used [0x00000000d5580000,0x00000000d5580000,0x00000000d6c80000)
  from space 3584K, 99% used [0x00000000d6e00000,0x00000000d717e2c0,0x00000000d7180000)
  to   space 3072K, 0% used [0x00000000d7180000,0x00000000d7180000,0x00000000d7480000)
 ParOldGen       total 68608K, used 10562K [0x0000000080000000, 0x0000000084300000, 0x00000000d5580000)
  object space 68608K, 15% used [0x0000000080000000,0x0000000080a50ae0,0x0000000084300000)
 Metaspace       used 26783K, committed 27584K, reserved 1114112K
  class space    used 2588K, committed 2944K, reserved 1048576K
}
Event: 16.003 GC heap before
{Heap before GC invocations=11 (full 1):
 PSYoungGen      total 27136K, used 27128K [0x00000000d5580000, 0x00000000d7480000, 0x0000000100000000)
  eden space 23552K, 100% used [0x00000000d5580000,0x00000000d6c80000,0x00000000d6c80000)
  from space 3584K, 99% used [0x00000000d6e00000,0x00000000d717e2c0,0x00000000d7180000)
  to   space 3072K, 0% used [0x00000000d7180000,0x00000000d7180000,0x00000000d7480000)
 ParOldGen       total 68608K, used 10562K [0x0000000080000000, 0x0000000084300000, 0x00000000d5580000)
  object space 68608K, 15% used [0x0000000080000000,0x0000000080a50ae0,0x0000000084300000)
 Metaspace       used 29613K, committed 30400K, reserved 1114112K
  class space    used 2942K, committed 3328K, reserved 1048576K
}
Event: 16.006 GC heap after
{Heap after GC invocations=11 (full 1):
 PSYoungGen      total 25600K, used 2208K [0x00000000d5580000, 0x00000000d7400000, 0x0000000100000000)
  eden space 23040K, 0% used [0x00000000d5580000,0x00000000d5580000,0x00000000d6c00000)
  from space 2560K, 86% used [0x00000000d7180000,0x00000000d73a8040,0x00000000d7400000)
  to   space 3072K, 0% used [0x00000000d6e00000,0x00000000d6e00000,0x00000000d7100000)
 ParOldGen       total 68608K, used 13163K [0x0000000080000000, 0x0000000084300000, 0x00000000d5580000)
  object space 68608K, 19% used [0x0000000080000000,0x0000000080cdaff0,0x0000000084300000)
 Metaspace       used 29613K, committed 30400K, reserved 1114112K
  class space    used 2942K, committed 3328K, reserved 1048576K
}
Event: 2192.503 GC heap before
{Heap before GC invocations=12 (full 1):
 PSYoungGen      total 25600K, used 25248K [0x00000000d5580000, 0x00000000d7400000, 0x0000000100000000)
  eden space 23040K, 100% used [0x00000000d5580000,0x00000000d6c00000,0x00000000d6c00000)
  from space 2560K, 86% used [0x00000000d7180000,0x00000000d73a8040,0x00000000d7400000)
  to   space 3072K, 0% used [0x00000000d6e00000,0x00000000d6e00000,0x00000000d7100000)
 ParOldGen       total 68608K, used 13163K [0x0000000080000000, 0x0000000084300000, 0x00000000d5580000)
  object space 68608K, 19% used [0x0000000080000000,0x0000000080cdaff0,0x0000000084300000)
 Metaspace       used 31364K, committed 32128K, reserved 1114112K
  class space    used 3115K, committed 3456K, reserved 1048576K
}
Event: 2194.477 GC heap after
{Heap after GC invocations=12 (full 1):
 PSYoungGen      total 24064K, used 1399K [0x00000000d5580000, 0x00000000d7200000, 0x0000000100000000)
  eden space 22528K, 0% used [0x00000000d5580000,0x00000000d5580000,0x00000000d6b80000)
  from space 1536K, 91% used [0x00000000d6e00000,0x00000000d6f5dc50,0x00000000d6f80000)
  to   space 2048K, 0% used [0x00000000d7000000,0x00000000d7000000,0x00000000d7200000)
 ParOldGen       total 68608K, used 15045K [0x0000000080000000, 0x0000000084300000, 0x00000000d5580000)
  object space 68608K, 21% used [0x0000000080000000,0x0000000080eb14c0,0x0000000084300000)
 Metaspace       used 31364K, committed 32128K, reserved 1114112K
  class space    used 3115K, committed 3456K, reserved 1048576K
}

Dll operation events (12 events):
Event: 0.257 Loaded shared library c:\Users\jerom\.vscode\extensions\redhat.java-1.54.0-win32-x64\jre\21.0.10-win32-x86_64\bin\java.dll
Event: 0.473 Loaded shared library c:\Users\jerom\.vscode\extensions\redhat.java-1.54.0-win32-x64\jre\21.0.10-win32-x86_64\bin\zip.dll
Event: 0.513 Loaded shared library C:\Users\jerom\.vscode\extensions\redhat.java-1.54.0-win32-x64\jre\21.0.10-win32-x86_64\bin\instrument.dll
Event: 0.581 Loaded shared library C:\Users\jerom\.vscode\extensions\redhat.java-1.54.0-win32-x64\jre\21.0.10-win32-x86_64\bin\net.dll
Event: 0.627 Loaded shared library C:\Users\jerom\.vscode\extensions\redhat.java-1.54.0-win32-x64\jre\21.0.10-win32-x86_64\bin\nio.dll
Event: 0.630 Loaded shared library C:\Users\jerom\.vscode\extensions\redhat.java-1.54.0-win32-x64\jre\21.0.10-win32-x86_64\bin\zip.dll
Event: 0.657 Loaded shared library C:\Users\jerom\.vscode\extensions\redhat.java-1.54.0-win32-x64\jre\21.0.10-win32-x86_64\bin\jimage.dll
Event: 0.808 Loaded shared library c:\Users\jerom\.vscode\extensions\redhat.java-1.54.0-win32-x64\jre\21.0.10-win32-x86_64\bin\verify.dll
Event: 13.265 Loaded shared library C:\Users\jerom\AppData\Roaming\Code\User\globalStorage\redhat.java\1.54.0\config_ss_win\org.eclipse.equinox.launcher\org.eclipse.equinox.launcher.win32.win32.x86_64_1.3.0.v20260203-2149\eclipse_11919.dll
Event: 14.404 Loaded shared library C:\Users\jerom\.vscode\extensions\redhat.java-1.54.0-win32-x64\jre\21.0.10-win32-x86_64\bin\management.dll
Event: 14.472 Loaded shared library C:\Users\jerom\.vscode\extensions\redhat.java-1.54.0-win32-x64\jre\21.0.10-win32-x86_64\bin\management_ext.dll
Event: 15.584 Loaded shared library C:\Users\jerom\AppData\Local\Temp\jna-101015221\jna9426189046760756088.dll

Deoptimization events (20 events):
Event: 32.168 Thread 0x000001987d92c280 DEOPT PACKING pc=0x000001986f62d45c sp=0x00000076a08febc0
Event: 32.168 Thread 0x000001987d92c280 DEOPT UNPACKING pc=0x000001986ef63aa2 sp=0x00000076a08feb38 mode 2
Event: 32.182 Thread 0x000001987d92c280 Uncommon trap: trap_request=0xffffff45 fr.pc=0x000001986f544880 relative=0x0000000000000140
Event: 32.182 Thread 0x000001987d92c280 Uncommon trap: reason=unstable_if action=reinterpret pc=0x000001986f544880 method=java.util.HashMap.getNode(Ljava/lang/Object;)Ljava/util/HashMap$Node; @ 66 c2
Event: 32.182 Thread 0x000001987d92c280 DEOPT PACKING pc=0x000001986f544880 sp=0x00000076a08febf0
Event: 32.182 Thread 0x000001987d92c280 DEOPT UNPACKING pc=0x000001986ef63aa2 sp=0x00000076a08feb60 mode 2
Event: 32.222 Thread 0x000001987d92c280 Uncommon trap: trap_request=0xffffffc6 fr.pc=0x000001986f693904 relative=0x00000000000007c4
Event: 32.222 Thread 0x000001987d92c280 Uncommon trap: reason=bimorphic_or_optimized_type_check action=maybe_recompile pc=0x000001986f693904 method=java.util.Hashtable.put(Ljava/lang/Object;Ljava/lang/Object;)Ljava/lang/Object; @ 18 c2
Event: 32.222 Thread 0x000001987d92c280 DEOPT PACKING pc=0x000001986f693904 sp=0x00000076a08fe9a0
Event: 32.222 Thread 0x000001987d92c280 DEOPT UNPACKING pc=0x000001986ef63aa2 sp=0x00000076a08fe968 mode 2
Event: 32.231 Thread 0x000001987d92c280 Uncommon trap: trap_request=0xffffffc6 fr.pc=0x000001986f693904 relative=0x00000000000007c4
Event: 32.231 Thread 0x000001987d92c280 Uncommon trap: reason=bimorphic_or_optimized_type_check action=maybe_recompile pc=0x000001986f693904 method=java.util.Hashtable.put(Ljava/lang/Object;Ljava/lang/Object;)Ljava/lang/Object; @ 18 c2
Event: 32.231 Thread 0x000001987d92c280 DEOPT PACKING pc=0x000001986f693904 sp=0x00000076a08fe990
Event: 32.231 Thread 0x000001987d92c280 DEOPT UNPACKING pc=0x000001986ef63aa2 sp=0x00000076a08fe958 mode 2
Event: 2190.614 Thread 0x000001987ea18df0 Uncommon trap: trap_request=0x0000002e fr.pc=0x000001986f680b88 relative=0x0000000000000428
Event: 2190.617 Thread 0x000001987ea18df0 Uncommon trap: reason=unloaded action=reinterpret pc=0x000001986f680b88 method=org.eclipse.jdt.ls.core.internal.ConnectionStreamFactory$NamedPipeInputStream.read()I @ 119 c2
Event: 2190.620 Thread 0x000001987ea18df0 DEOPT PACKING pc=0x000001986f680b88 sp=0x00000076a2bfe820
Event: 2190.625 Thread 0x000001987ea18df0 DEOPT UNPACKING pc=0x000001986ef63aa2 sp=0x00000076a2bfe7c0 mode 2
Event: 2192.413 Thread 0x000001987ea18df0 DEOPT PACKING pc=0x000001986830047e sp=0x00000076a2bfe740
Event: 2192.413 Thread 0x000001987ea18df0 DEOPT UNPACKING pc=0x000001986ef64242 sp=0x00000076a2bfdbd8 mode 0

Classes loaded (20 events):
Event: 2192.006 Loading class java/lang/Throwable$PrintStreamOrWriter done
Event: 2192.006 Loading class java/lang/Throwable$WrappedPrintWriter done
Event: 2192.033 Loading class java/util/logging/Level$RbAccess
Event: 2192.035 Loading class java/util/logging/Level$RbAccess done
Event: 2192.055 Loading class sun/util/logging/resources/logging
Event: 2192.056 Loading class sun/util/logging/resources/logging done
Event: 2192.061 Loading class sun/util/logging/resources/logging_en
Event: 2192.061 Loading class sun/util/logging/resources/logging_en done
Event: 2192.061 Loading class sun/util/logging/resources/logging_en
Event: 2192.061 Loading class sun/util/logging/resources/logging_en done
Event: 2192.070 Loading class sun/util/logging/resources/logging_en_PH
Event: 2192.070 Loading class sun/util/logging/resources/logging_en_PH done
Event: 2192.070 Loading class sun/util/logging/resources/logging_en_PH
Event: 2192.070 Loading class sun/util/logging/resources/logging_en_PH done
Event: 2192.078 Loading class java/util/Formatter$DateTime
Event: 2192.079 Loading class java/util/Formatter$DateTime done
Event: 2192.080 Loading class java/time/ZonedDateTime$1
Event: 2192.082 Loading class java/time/ZonedDateTime$1 done
Event: 2192.117 Loading class java/nio/channels/ClosedChannelException
Event: 2192.182 Loading class java/nio/channels/ClosedChannelException done

Classes unloaded (7 events):
Event: 14.929 Thread 0x0000019864774970 Unloading class 0x000001980119d000 'java/lang/invoke/LambdaForm$MH+0x000001980119d000'
Event: 14.929 Thread 0x0000019864774970 Unloading class 0x000001980119cc00 'java/lang/invoke/LambdaForm$MH+0x000001980119cc00'
Event: 14.929 Thread 0x0000019864774970 Unloading class 0x000001980119c800 'java/lang/invoke/LambdaForm$MH+0x000001980119c800'
Event: 14.929 Thread 0x0000019864774970 Unloading class 0x000001980119c400 'java/lang/invoke/LambdaForm$MH+0x000001980119c400'
Event: 14.929 Thread 0x0000019864774970 Unloading class 0x000001980119c000 'java/lang/invoke/LambdaForm$BMH+0x000001980119c000'
Event: 14.929 Thread 0x0000019864774970 Unloading class 0x000001980119bc00 'java/lang/invoke/LambdaForm$DMH+0x000001980119bc00'
Event: 14.929 Thread 0x0000019864774970 Unloading class 0x000001980119a800 'java/lang/invoke/LambdaForm$DMH+0x000001980119a800'

Classes redefined (0 events):
No events

Internal exceptions (20 events):
Event: 2194.962 Thread 0x000001987ea18df0 Exception <a 'java/io/IOException'{0x00000000d5854f18}> (0x00000000d5854f18) 
thrown [s\src\hotspot\share\prims\jni.cpp, line 520]
Event: 2194.963 Thread 0x000001987ea18df0 Exception <a 'java/io/IOException'{0x00000000d5867bf8}> (0x00000000d5867bf8) 
thrown [s\src\hotspot\share\prims\jni.cpp, line 520]
Event: 2194.964 Thread 0x000001987ea18df0 Exception <a 'java/io/IOException'{0x00000000d58788c8}> (0x00000000d58788c8) 
thrown [s\src\hotspot\share\prims\jni.cpp, line 520]
Event: 2194.965 Thread 0x000001987ea18df0 Exception <a 'java/io/IOException'{0x00000000d588d820}> (0x00000000d588d820) 
thrown [s\src\hotspot\share\prims\jni.cpp, line 520]
Event: 2194.965 Thread 0x000001987ea18df0 Exception <a 'java/io/IOException'{0x00000000d58a0500}> (0x00000000d58a0500) 
thrown [s\src\hotspot\share\prims\jni.cpp, line 520]
Event: 2196.678 Thread 0x000001987ea18df0 Exception <a 'java/io/IOException'{0x00000000d58b11d0}> (0x00000000d58b11d0) 
thrown [s\src\hotspot\share\prims\jni.cpp, line 520]
Event: 2196.680 Thread 0x000001987ea18df0 Exception <a 'java/io/IOException'{0x00000000d58c6128}> (0x00000000d58c6128) 
thrown [s\src\hotspot\share\prims\jni.cpp, line 520]
Event: 2196.683 Thread 0x000001987ea18df0 Exception <a 'java/io/IOException'{0x00000000d58d8e08}> (0x00000000d58d8e08) 
thrown [s\src\hotspot\share\prims\jni.cpp, line 520]
Event: 2196.686 Thread 0x000001987ea18df0 Exception <a 'java/io/IOException'{0x00000000d58e9b10}> (0x00000000d58e9b10) 
thrown [s\src\hotspot\share\prims\jni.cpp, line 520]
Event: 2196.688 Thread 0x000001987ea18df0 Exception <a 'java/io/IOException'{0x00000000d58feac0}> (0x00000000d58feac0) 
thrown [s\src\hotspot\share\prims\jni.cpp, line 520]
Event: 2196.690 Thread 0x000001987ea18df0 Exception <a 'java/io/IOException'{0x00000000d59117a0}> (0x00000000d59117a0) 
thrown [s\src\hotspot\share\prims\jni.cpp, line 520]
Event: 2196.692 Thread 0x000001987ea18df0 Exception <a 'java/io/IOException'{0x00000000d5922470}> (0x00000000d5922470) 
thrown [s\src\hotspot\share\prims\jni.cpp, line 520]
Event: 2196.693 Thread 0x000001987ea18df0 Exception <a 'java/io/IOException'{0x00000000d59373d8}> (0x00000000d59373d8) 
thrown [s\src\hotspot\share\prims\jni.cpp, line 520]
Event: 2196.694 Thread 0x000001987ea18df0 Exception <a 'java/io/IOException'{0x00000000d594a0b8}> (0x00000000d594a0b8) 
thrown [s\src\hotspot\share\prims\jni.cpp, line 520]
Event: 2196.695 Thread 0x000001987ea18df0 Exception <a 'java/io/IOException'{0x00000000d595adc8}> (0x00000000d595adc8) 
thrown [s\src\hotspot\share\prims\jni.cpp, line 520]
Event: 2196.697 Thread 0x000001987ea18df0 Exception <a 'java/io/IOException'{0x00000000d596fd08}> (0x00000000d596fd08) 
thrown [s\src\hotspot\share\prims\jni.cpp, line 520]
Event: 2196.699 Thread 0x000001987ea18df0 Exception <a 'java/io/IOException'{0x00000000d59829e8}> (0x00000000d59829e8) 
thrown [s\src\hotspot\share\prims\jni.cpp, line 520]
Event: 2196.700 Thread 0x000001987ea18df0 Exception <a 'java/io/IOException'{0x00000000d5996670}> (0x00000000d5996670) 
thrown [s\src\hotspot\share\prims\jni.cpp, line 520]
Event: 2196.701 Thread 0x000001987ea18df0 Exception <a 'java/io/IOException'{0x00000000d59a9350}> (0x00000000d59a9350) 
thrown [s\src\hotspot\share\prims\jni.cpp, line 520]
Event: 2196.702 Thread 0x000001987ea18df0 Exception <a 'java/io/IOException'{0x00000000d59bc030}> (0x00000000d59bc030) 
thrown [s\src\hotspot\share\prims\jni.cpp, line 520]

ZGC Phase Switch (0 events):
No events

VM Operations (20 events):
Event: 1984.647 Executing non-safepoint VM operation: RendezvousGCThreads done
Event: 2044.813 Executing non-safepoint VM operation: HandshakeAllThreads (HandshakeForDeflation)
Event: 2044.813 Executing non-safepoint VM operation: HandshakeAllThreads (HandshakeForDeflation) done
Event: 2044.824 Executing non-safepoint VM operation: RendezvousGCThreads
Event: 2044.824 Executing non-safepoint VM operation: RendezvousGCThreads done
Event: 2105.697 Executing non-safepoint VM operation: HandshakeAllThreads (HandshakeForDeflation)
Event: 2105.700 Executing non-safepoint VM operation: HandshakeAllThreads (HandshakeForDeflation) done
Event: 2105.701 Executing non-safepoint VM operation: RendezvousGCThreads
Event: 2105.701 Executing non-safepoint VM operation: RendezvousGCThreads done
Event: 2165.691 Executing non-safepoint VM operation: HandshakeAllThreads (HandshakeForDeflation)
Event: 2165.691 Executing non-safepoint VM operation: HandshakeAllThreads (HandshakeForDeflation) done
Event: 2165.691 Executing non-safepoint VM operation: RendezvousGCThreads
Event: 2165.691 Executing non-safepoint VM operation: RendezvousGCThreads done
Event: 2191.872 Executing safepoint VM operation: Cleanup
Event: 2191.995 Executing safepoint VM operation: Cleanup done
Event: 2192.503 Executing safepoint VM operation: ParallelGCFailedAllocation (Allocation Failure)
Event: 2194.477 Executing safepoint VM operation: ParallelGCFailedAllocation (Allocation Failure) done
Event: 2195.486 Executing safepoint VM operation: Cleanup
Event: 2196.677 Executing safepoint VM operation: Cleanup done
Event: 2197.691 Executing safepoint VM operation: Cleanup

Memory protections (0 events):
No events

Nmethod flushes (0 events):
No events

Events (20 events):
Event: 15.915 Thread 0x000001987e02f760 Thread added: 0x000001987ea19480
Event: 16.917 Thread 0x000001987ea343b0 Thread exited: 0x000001987ea343b0
Event: 16.918 Thread 0x000001987e942f60 Thread exited: 0x000001987e942f60
Event: 23.309 Thread 0x000001987e02c970 Thread exited: 0x000001987e02c970
Event: 23.309 Thread 0x000001987e02dd20 Thread exited: 0x000001987e02dd20
Event: 23.309 Thread 0x000001987d55e9c0 Thread exited: 0x000001987d55e9c0
Event: 23.309 Thread 0x000001987e02d000 Thread exited: 0x000001987e02d000
Event: 23.309 Thread 0x000001987d55e330 Thread exited: 0x000001987d55e330
Event: 23.309 Thread 0x000001987d55dca0 Thread exited: 0x000001987d55dca0
Event: 23.309 Thread 0x000001987e02a8a0 Thread exited: 0x000001987e02a8a0
Event: 23.309 Thread 0x000001987d55fd70 Thread exited: 0x000001987d55fd70
Event: 23.309 Thread 0x000001987e02d690 Thread exited: 0x000001987e02d690
Event: 23.309 Thread 0x000001987e02c2e0 Thread exited: 0x000001987e02c2e0
Event: 23.310 Thread 0x000001987e02bc50 Thread exited: 0x000001987e02bc50
Event: 23.310 Thread 0x000001987d55d610 Thread exited: 0x000001987d55d610
Event: 32.176 Thread 0x000001986489e0b0 Thread added: 0x000001987dd72ff0
Event: 32.181 Thread 0x000001987dd72ff0 Thread added: 0x0000019845ad0f00
Event: 37.225 Thread 0x0000019845ad0f00 Thread exited: 0x0000019845ad0f00
Event: 42.229 Thread 0x000001987dd72ff0 Thread exited: 0x000001987dd72ff0
Event: 76.925 Thread 0x000001987ea19480 Thread exited: 0x000001987ea19480


Dynamic libraries:
0x00007ff698ae0000 - 0x00007ff698aee000 	c:\Users\jerom\.vscode\extensions\redhat.java-1.54.0-win32-x64\jre\21.0.10-win32-x86_64\bin\java.exe
0x00007ff9ffb40000 - 0x00007ff9ffda7000 	C:\WINDOWS\SYSTEM32\ntdll.dll
0x00007ff9fd8d0000 - 0x00007ff9fd999000 	C:\WINDOWS\System32\KERNEL32.DLL
0x00007ff9fc6d0000 - 0x00007ff9fcac4000 	C:\WINDOWS\System32\KERNELBASE.dll
0x00007ff9fcdb0000 - 0x00007ff9fcefb000 	C:\WINDOWS\System32\ucrtbase.dll
0x00007ff9c3a10000 - 0x00007ff9c3a2e000 	c:\Users\jerom\.vscode\extensions\redhat.java-1.54.0-win32-x64\jre\21.0.10-win32-x86_64\bin\VCRUNTIME140.dll
0x00007ff9c3880000 - 0x00007ff9c3898000 	c:\Users\jerom\.vscode\extensions\redhat.java-1.54.0-win32-x64\jre\21.0.10-win32-x86_64\bin\jli.dll
0x00007ff9ff8e0000 - 0x00007ff9ffaa5000 	C:\WINDOWS\System32\USER32.dll
0x00007ff9fcf00000 - 0x00007ff9fcf27000 	C:\WINDOWS\System32\win32u.dll
0x00007ff9ff0d0000 - 0x00007ff9ff0fb000 	C:\WINDOWS\System32\GDI32.dll
0x00007ff9e29b0000 - 0x00007ff9e2c43000 	C:\WINDOWS\WinSxS\amd64_microsoft.windows.common-controls_6595b64144ccf1df_6.0.26100.8115_none_3e075c82e3354f9c\COMCTL32.dll
0x00007ff9fe6d0000 - 0x00007ff9fe779000 	C:\WINDOWS\System32\msvcrt.dll
0x00007ff9fd7a0000 - 0x00007ff9fd8cb000 	C:\WINDOWS\System32\gdi32full.dll
0x00007ff9fcad0000 - 0x00007ff9fcb73000 	C:\WINDOWS\System32\msvcp_win.dll
0x00007ff9ff8a0000 - 0x00007ff9ff8d2000 	C:\WINDOWS\System32\IMM32.DLL
0x00007ff9d4b60000 - 0x00007ff9d4b6c000 	c:\Users\jerom\.vscode\extensions\redhat.java-1.54.0-win32-x64\jre\21.0.10-win32-x86_64\bin\vcruntime140_1.dll
0x00007ff9b80d0000 - 0x00007ff9b815d000 	c:\Users\jerom\.vscode\extensions\redhat.java-1.54.0-win32-x64\jre\21.0.10-win32-x86_64\bin\msvcp140.dll
0x00007ff93ffb0000 - 0x00007ff940d51000 	c:\Users\jerom\.vscode\extensions\redhat.java-1.54.0-win32-x64\jre\21.0.10-win32-x86_64\bin\server\jvm.dll
0x00007ff9ff200000 - 0x00007ff9ff2b6000 	C:\WINDOWS\System32\ADVAPI32.dll
0x00007ff9feda0000 - 0x00007ff9fee47000 	C:\WINDOWS\System32\sechost.dll
0x00007ff9fe5b0000 - 0x00007ff9fe6c8000 	C:\WINDOWS\System32\RPCRT4.dll
0x00007ff9ff2e0000 - 0x00007ff9ff360000 	C:\WINDOWS\System32\WS2_32.dll
0x00007ff9fc290000 - 0x00007ff9fc2ee000 	C:\WINDOWS\SYSTEM32\POWRPROF.dll
0x00007ff9f1c90000 - 0x00007ff9f1cc6000 	C:\WINDOWS\SYSTEM32\WINMM.dll
0x00007ff9e8d60000 - 0x00007ff9e8d6b000 	C:\WINDOWS\SYSTEM32\VERSION.dll
0x00007ff9fc270000 - 0x00007ff9fc284000 	C:\WINDOWS\SYSTEM32\UMPDC.dll
0x00007ff9fb170000 - 0x00007ff9fb18b000 	C:\WINDOWS\SYSTEM32\kernel.appcore.dll
0x00007ff9d4b20000 - 0x00007ff9d4b2a000 	c:\Users\jerom\.vscode\extensions\redhat.java-1.54.0-win32-x64\jre\21.0.10-win32-x86_64\bin\jimage.dll
0x00007ff9fa090000 - 0x00007ff9fa2d2000 	C:\WINDOWS\SYSTEM32\DBGHELP.DLL
0x00007ff9fdaa0000 - 0x00007ff9fde22000 	C:\WINDOWS\System32\combase.dll
0x00007ff9ff370000 - 0x00007ff9ff448000 	C:\WINDOWS\System32\OLEAUT32.dll
0x00007ff9daad0000 - 0x00007ff9dab0b000 	C:\WINDOWS\SYSTEM32\dbgcore.DLL
0x00007ff9fc4a0000 - 0x00007ff9fc545000 	C:\WINDOWS\System32\bcryptPrimitives.dll
0x00007ff9d4af0000 - 0x00007ff9d4aff000 	c:\Users\jerom\.vscode\extensions\redhat.java-1.54.0-win32-x64\jre\21.0.10-win32-x86_64\bin\instrument.dll
0x00007ff9b7f80000 - 0x00007ff9b7fa0000 	c:\Users\jerom\.vscode\extensions\redhat.java-1.54.0-win32-x64\jre\21.0.10-win32-x86_64\bin\java.dll
0x00007ff9fde30000 - 0x00007ff9fe597000 	C:\WINDOWS\System32\SHELL32.dll
0x00007ff9fcb80000 - 0x00007ff9fccea000 	C:\WINDOWS\System32\wintypes.dll
0x00007ff9fcf30000 - 0x00007ff9fd798000 	C:\WINDOWS\System32\windows.storage.dll
0x00007ff9ff450000 - 0x00007ff9ff548000 	C:\WINDOWS\System32\SHCORE.dll
0x00007ff9ff050000 - 0x00007ff9ff0b6000 	C:\WINDOWS\System32\shlwapi.dll
0x00007ff9fc330000 - 0x00007ff9fc359000 	C:\WINDOWS\SYSTEM32\profapi.dll
0x00007ff9b7390000 - 0x00007ff9b73a8000 	c:\Users\jerom\.vscode\extensions\redhat.java-1.54.0-win32-x64\jre\21.0.10-win32-x86_64\bin\zip.dll
0x00007ff9cec50000 - 0x00007ff9cec60000 	C:\Users\jerom\.vscode\extensions\redhat.java-1.54.0-win32-x64\jre\21.0.10-win32-x86_64\bin\net.dll
0x00007ff9f54b0000 - 0x00007ff9f55dd000 	C:\WINDOWS\SYSTEM32\WINHTTP.dll
0x00007ff9fb6f0000 - 0x00007ff9fb75c000 	C:\WINDOWS\system32\mswsock.dll
0x00007ff9b7370000 - 0x00007ff9b7386000 	C:\Users\jerom\.vscode\extensions\redhat.java-1.54.0-win32-x64\jre\21.0.10-win32-x86_64\bin\nio.dll
0x00007ff9c9c50000 - 0x00007ff9c9c60000 	c:\Users\jerom\.vscode\extensions\redhat.java-1.54.0-win32-x64\jre\21.0.10-win32-x86_64\bin\verify.dll
0x00007ff9b7320000 - 0x00007ff9b7365000 	C:\Users\jerom\AppData\Roaming\Code\User\globalStorage\redhat.java\1.54.0\config_ss_win\org.eclipse.equinox.launcher\org.eclipse.equinox.launcher.win32.win32.x86_64_1.3.0.v20260203-2149\eclipse_11919.dll
0x00007ff9feeb0000 - 0x00007ff9ff047000 	C:\WINDOWS\System32\ole32.dll
0x00007ff9dde20000 - 0x00007ff9dde2a000 	C:\Users\jerom\.vscode\extensions\redhat.java-1.54.0-win32-x64\jre\21.0.10-win32-x86_64\bin\management.dll
0x00007ff9dde10000 - 0x00007ff9dde1c000 	C:\Users\jerom\.vscode\extensions\redhat.java-1.54.0-win32-x64\jre\21.0.10-win32-x86_64\bin\management_ext.dll
0x00007ff9ff0c0000 - 0x00007ff9ff0c8000 	C:\WINDOWS\System32\PSAPI.DLL
0x00007ff9fba00000 - 0x00007ff9fba1b000 	C:\WINDOWS\SYSTEM32\CRYPTSP.dll
0x00007ff9fb0d0000 - 0x00007ff9fb109000 	C:\WINDOWS\system32\rsaenh.dll
0x00007ff9fb7a0000 - 0x00007ff9fb7d3000 	C:\WINDOWS\SYSTEM32\USERENV.dll
0x00007ff9fc300000 - 0x00007ff9fc32a000 	C:\WINDOWS\SYSTEM32\bcrypt.dll
0x00007ff9fb9f0000 - 0x00007ff9fb9fc000 	C:\WINDOWS\SYSTEM32\CRYPTBASE.dll
0x00007ff9fab40000 - 0x00007ff9fab72000 	C:\WINDOWS\SYSTEM32\IPHLPAPI.DLL
0x00007ff9ff550000 - 0x00007ff9ff55a000 	C:\WINDOWS\System32\NSI.dll
0x00007ff9b7260000 - 0x00007ff9b72a9000 	C:\Users\jerom\AppData\Local\Temp\jna-101015221\jna9426189046760756088.dll
0x00007ff9f5eb0000 - 0x00007ff9f5ecd000 	C:\WINDOWS\SYSTEM32\dhcpcsvc6.DLL
0x00007ff9f5e80000 - 0x00007ff9f5ea5000 	C:\WINDOWS\SYSTEM32\dhcpcsvc.DLL

JVMTI agents:
c:\Users\jerom\.vscode\extensions\redhat.java-1.54.0-win32-x64\lombok\lombok-1.18.39-4050.jar path:c:\Users\jerom\.vscode\extensions\redhat.java-1.54.0-win32-x64\jre\21.0.10-win32-x86_64\bin\instrument.dll, loaded, initialized, instrumentlib options:none

dbghelp: loaded successfully - version: 4.0.5 - missing functions: none
symbol engine: initialized successfully - sym options: 0x614 - pdb path: .;c:\Users\jerom\.vscode\extensions\redhat.java-1.54.0-win32-x64\jre\21.0.10-win32-x86_64\bin;C:\WINDOWS\SYSTEM32;C:\WINDOWS\WinSxS\amd64_microsoft.windows.common-controls_6595b64144ccf1df_6.0.26100.8115_none_3e075c82e3354f9c;c:\Users\jerom\.vscode\extensions\redhat.java-1.54.0-win32-x64\jre\21.0.10-win32-x86_64\bin\server;C:\Users\jerom\AppData\Roaming\Code\User\globalStorage\redhat.java\1.54.0\config_ss_win\org.eclipse.equinox.launcher\org.eclipse.equinox.launcher.win32.win32.x86_64_1.3.0.v20260203-2149;C:\Users\jerom\AppData\Local\Temp\jna-101015221

VM Arguments:
jvm_args: --add-modules=ALL-SYSTEM --add-opens=java.base/java.util=ALL-UNNAMED --add-opens=java.base/java.lang=ALL-UNNAMED --add-opens=java.base/sun.nio.fs=ALL-UNNAMED -Declipse.application=org.eclipse.jdt.ls.core.id1 -Dosgi.bundles.defaultStartLevel=4 -Declipse.product=org.eclipse.jdt.ls.core.product -Djava.import.generatesMetadataFilesAtProjectRoot=false -DDetectVMInstallationsJob.disabled=true -Dfile.encoding=utf8 -XX:+UseParallelGC -XX:GCTimeRatio=4 -XX:AdaptiveSizePolicyWeight=90 -Dsun.zip.disableMemoryMapping=true -Xmx2G -Xms100m -Xlog:disable -javaagent:c:\Users\jerom\.vscode\extensions\redhat.java-1.54.0-win32-x64\lombok\lombok-1.18.39-4050.jar 
java_command: c:\Users\jerom\.vscode\extensions\redhat.java-1.54.0-win32-x64\server\plugins\org.eclipse.equinox.launcher_1.7.100.v20251111-0406.jar -configuration c:\Users\jerom\AppData\Roaming\Code\User\globalStorage\redhat.java\1.54.0\config_ss_win -data c:\Users\jerom\AppData\Roaming\Code\User\workspaceStorage\29bb378b0bf6ca662623d63038930929\redhat.java\ss_ws --pipe=\\.\pipe\lsp-478020369bc03e347f5d93b322bdd904-sock
java_class_path (initial): c:\Users\jerom\.vscode\extensions\redhat.java-1.54.0-win32-x64\server\plugins\org.eclipse.equinox.launcher_1.7.100.v20251111-0406.jar
Launcher Type: SUN_STANDARD

[Global flags]
    uintx AdaptiveSizePolicyWeight                 = 90                                        {product} {command line}
     intx CICompilerCount                          = 4                                         {product} {ergonomic}
    uintx GCTimeRatio                              = 4                                         {product} {command line}
   size_t InitialHeapSize                          = 104857600                                 {product} {command line}
   size_t MaxHeapSize                              = 2147483648                                {product} {command line}
   size_t MaxNewSize                               = 715653120                                 {product} {ergonomic}
   size_t MinHeapDeltaBytes                        = 524288                                    {product} {ergonomic}
   size_t MinHeapSize                              = 104857600                                 {product} {command line}
   size_t NewSize                                  = 34603008                                  {product} {ergonomic}
    uintx NonNMethodCodeHeapSize                   = 5839372                                {pd product} {ergonomic}
    uintx NonProfiledCodeHeapSize                  = 122909434                              {pd product} {ergonomic}
   size_t OldSize                                  = 70254592                                  {product} {ergonomic}
    uintx ProfiledCodeHeapSize                     = 122909434                              {pd product} {ergonomic}
    uintx ReservedCodeCacheSize                    = 251658240                              {pd product} {ergonomic}
     bool SegmentedCodeCache                       = true                                      {product} {ergonomic}
   size_t SoftMaxHeapSize                          = 2147483648                             {manageable} {ergonomic}
     bool UseCompressedOops                        = true                           {product lp64_product} {ergonomic}
     bool UseLargePagesIndividualAllocation        = false                                  {pd product} {ergonomic}
     bool UseParallelGC                            = true                                      {product} {command line}

Logging:
Log output configuration:
 #0: stdout all=off uptime,level,tags foldmultilines=false
 #1: stderr all=off uptime,level,tags foldmultilines=false

Release file:
JAVA_VERSION="21.0.10" 
MODULES="java.base java.compiler java.datatransfer java.xml java.prefs java.desktop java.instrument java.logging java.management java.security.sasl java.naming java.rmi java.management.rmi java.net.http java.scripting java.security.jgss java.transaction.xa java.sql java.sql.rowset java.xml.crypto java.se java.smartcardio jdk.accessibility jdk.internal.jvmstat jdk.attach jdk.charsets jdk.internal.opt jdk.zipfs jdk.compiler jdk.crypto.ec jdk.crypto.cryptoki jdk.crypto.mscapi jdk.dynalink jdk.internal.ed jdk.editpad jdk.hotspot.agent jdk.httpserver jdk.internal.le jdk.internal.vm.ci jdk.internal.vm.compiler jdk.internal.vm.compiler.management jdk.jartool jdk.javadoc jdk.jcmd jdk.management jdk.management.agent jdk.jconsole jdk.jdeps jdk.jdwp.agent jdk.jdi jdk.jfr jdk.jshell jdk.jsobject jdk.jstatd jdk.localedata jdk.management.jfr jdk.naming.dns jdk.naming.rmi jdk.net jdk.nio.mapmode jdk.random jdk.sctp jdk.security.auth jdk.security.jgss jdk.unsupported jdk.unsupported.desktop jdk.xml.dom" 

Environment Variables:
PATH=C:\Users\jerom\AppData\Local\Programs\Microsoft VS Code;c:\Users\jerom\AppData\Local\Programs\cursor\resources\app\bin;c:\Users\jerom\AppData\Local\Programs\cursor\resources\app\bin;C:\Program Files\Common Files\Oracle\Java\javapath;C:\WINDOWS\system32;C:\WINDOWS;C:\WINDOWS\System32\Wbem;C:\WINDOWS\System32\WindowsPowerShell\v1.0\;C:\WINDOWS\System32\OpenSSH\;C:\Program Files\dotnet\;C:\Program Files\Microsoft SQL Server\150\Tools\Binn\;C:\Program Files\Microsoft SQL Server\Client SDK\ODBC\170\Tools\Binn\;C:\Program Files\Java\jdk-17\bin;C:\Program Files\nodejs\;C:\Program Files\Git\cmd;C:\Program Files\MySQL\MySQL Shell 8.0\bin\;C:\Users\jerom\AppData\Local\Microsoft\WindowsApps;C:\Users\jerom\AppData\Local\GitHubDesktop\bin;C:\Users\jerom\.dotnet\tools;C:\Users\jerom\AppData\Roaming\npm;C:\Users\jerom\OneDrive\Documents\Visual Studio 2022\apache-maven-3.9.9-bin\apache-maven-3.9.9\bin;C:\Users\jerom\AppData\Local\Programs\cursor\resources\app\bin;c:\Users\jerom\AppData\Local\Programs\cursor\resources\app\bin;C:\Program;C:\Program Files\Docker\Docker\resources\bin;C:\ProgramData\ComposerSetup\bin;C:\Program Files\MySQL\MySQL Shell 8.0\bin\;C:\Users\jerom\AppData\Local\Programs\Python\Python311\Scripts\;C:\Users\jerom\AppData\Local\Programs\Python\Python311\;C:\kafka\bin;C:\Users\jerom\AppData\Local\GitHubDesktop\bin;C:\Users\jerom\.dotnet\tools;C:\Users\jerom\AppData\Roaming\npm;C:\Users\jerom\OneDrive\Documents\Visual Studio 2022\apache-maven-3.9.9-bin\apache-maven-3.9.9\bin;C:\Users\jerom\AppData\Local\Programs\cursor\resources\app\bin;C:\kafka\bin;C:\xampp\php;C:\Users\jerom\AppData\Roaming\Composer\vendor\bin;C:\Users\jerom\AppData\Local\Programs\Microsoft VS Code\bin;C:\Program Files\JetBrains\IntelliJ IDEA 2025.3.1.1\bin;C:\Program Files\JetBrains\PhpStorm 2025.3.2\bin;C:\Users\jerom\AppData\Local\Programs\Antigravity\bin
USERNAME=jerom
OS=Windows_NT
PROCESSOR_IDENTIFIER=Intel64 Family 6 Model 154 Stepping 4, GenuineIntel
TMP=C:\Users\jerom\AppData\Local\Temp
TEMP=C:\Users\jerom\AppData\Local\Temp




Periodic native trim disabled

---------------  S Y S T E M  ---------------

OS:
 Windows 11 , 64 bit Build 26100 (10.0.26100.8246)
OS uptime: 10 days 3:58 hours
Hyper-V role detected

CPU: total 12 (initial active 12) (6 cores per cpu, 2 threads per core) family 6 model 154 stepping 4 microcode 0x42c, cx8, cmov, fxsr, ht, mmx, 3dnowpref, sse, sse2, sse3, ssse3, sse4.1, sse4.2, popcnt, lzcnt, tsc, tscinvbit, avx, avx2, aes, erms, clmul, bmi1, bmi2, adx, sha, fma, vzeroupper, clflush, clflushopt, clwb, hv, serialize, rdtscp, rdpid, fsrm, f16c, cet_ibt, cet_ss
Processor Information for processor 0
  Max Mhz: 1300, Current Mhz: 1300, Mhz Limit: 1300
Processor Information for processor 1
  Max Mhz: 1300, Current Mhz: 1300, Mhz Limit: 1300
Processor Information for processor 2
  Max Mhz: 1300, Current Mhz: 1300, Mhz Limit: 1300
Processor Information for processor 3
  Max Mhz: 1300, Current Mhz: 1300, Mhz Limit: 1300
Processor Information for processor 4
  Max Mhz: 1300, Current Mhz: 900, Mhz Limit: 897
Processor Information for processor 5
  Max Mhz: 1300, Current Mhz: 900, Mhz Limit: 897
Processor Information for processor 6
  Max Mhz: 1300, Current Mhz: 900, Mhz Limit: 897
Processor Information for processor 7
  Max Mhz: 1300, Current Mhz: 900, Mhz Limit: 897
Processor Information for processor 8
  Max Mhz: 1300, Current Mhz: 900, Mhz Limit: 897
Processor Information for processor 9
  Max Mhz: 1300, Current Mhz: 900, Mhz Limit: 897
Processor Information for processor 10
  Max Mhz: 1300, Current Mhz: 900, Mhz Limit: 897
Processor Information for processor 11
  Max Mhz: 1300, Current Mhz: 900, Mhz Limit: 897

Memory: 4k page, system-wide physical 16069M (1154M free)
TotalPageFile size 65221M (AvailPageFile size 3M)
current process WorkingSet (physical memory assigned to process): 75M, peak: 185M
current process commit charge ("private bytes"): 291M, peak: 319M

vm_info: OpenJDK 64-Bit Server VM (21.0.10+7-LTS) for windows-amd64 JRE (21.0.10+7-LTS), built on 2026-01-20T00:00:00Z by "admin" with MS VC++ 17.12 (VS2022)

END.
